// Jest Snapshot v1, https://goo.gl/fbAQLP

exports[`RecommendationsPage renders header 1`] = `
<DocumentFragment>
  <div
    class="min-h-screen bg-zion-blue py-8 px-4"
  >
    <h1
      class="text-2xl font-bold text-white mb-6"
    >
      AI Equipment Recommendations
    </h1>
    <div
      class="grid grid-cols-1 md:grid-cols-2 lg:grid-cols-3 gap-6"
    />
  </div>
</DocumentFragment>
`;
